// Jest Snapshot v1, https://goo.gl/fbAQLP

exports[`articles component should render correctly 1`] = `
<ol>
  <li>
    <article>
      <h3>
        <a
          href="/blogs/news/article-title"
        >
          Article Title
        </a>
      </h3>
      <div />
      <p>
        <a
          href="/blogs/news/article-title"
        >
          Read more
        </a>
      </p>
    </article>
  </li>
</ol>
`;
