// Jest Snapshot v1, https://goo.gl/fbAQLP

exports[`comments component should render correctly 1`] = `
<DocumentFragment>
  <ol
    class="comments"
  >
    <li>
      <div>
        <div />
        <div>
          <span>
            John Doe
          </span>
        </div>
      </div>
    </li>
  </ol>
</DocumentFragment>
`;
