// Jest Snapshot v1, https://goo.gl/fbAQLP

exports[`product component should render correctly 1`] = `
<div>
  <div
    style="width: 50%;"
  >
    <ul>
      <li>
        <img
          alt="Product Title"
          src="/path/to/image.jpg"
        />
      </li>
    </ul>
  </div>
  <div
    style="padding-left: 6em; padding-right: 6em; width: 50%;"
  >
    <h1>
      Product Title
    </h1>
    <h2>
      by 
      Vendor
    </h2>
    <div>
      100
       
      EUR
    </div>
    <div>
      <p>
        Product Description
      </p>
    </div>
    <ul>
      <li>
        <span>
          tag
        </span>
      </li>
    </ul>
    <form
      action="#"
    >
      <div
        class="form__field"
      >
        <fieldset>
          <legend>
            Size
          </legend>
          <div>
            <div>
              <label
                for="s"
              >
                s
              </label>
              <input
                id="s"
                name="Size"
                type="radio"
                value="s"
              />
            </div>
            <div>
              <label
                for="m"
              >
                m
              </label>
              <input
                id="m"
                name="Size"
                type="radio"
                value="m"
              />
            </div>
            <div>
              <label
                for="l"
              >
                l
              </label>
              <input
                id="l"
                name="Size"
                type="radio"
                value="l"
              />
            </div>
          </div>
        </fieldset>
      </div>
      <div
        class="form__field"
      >
        <label
          for="quantity"
        >
          Quantity
        </label>
        <input
          class="form__input"
          id="quantity"
          min="1"
          name="quantity"
          step="1"
          type="number"
          value="1"
        />
      </div>
      <div
        class="form__field"
      >
        <button
          type="submit"
        >
          Add to cart
        </button>
      </div>
    </form>
  </div>
</div>
`;
