// Jest Snapshot v1, https://goo.gl/fbAQLP

exports[`product component should render correctly 1`] = `
<div>
  <div
    style="width: 50%;"
  >
    <ul>
      <li>
        <div
          class="gatsby-image-wrapper gatsby-image-wrapper-constrained"
          data-gatsby-image-wrapper=""
          style="position: relative; overflow: hidden; display: inline-block; vertical-align: top;"
        >
          <div
            style="max-width: 635px; display: block;"
          >
            <img
              alt=""
              aria-hidden="true"
              role="presentation"
              src="data:image/svg+xml;charset=utf-8,%3Csvg height='560' width='635' xmlns='http://www.w3.org/2000/svg' version='1.1'%3E%3C/svg%3E"
              style="max-width: 100%; display: block; position: static;"
            />
          </div>
          <div
            aria-hidden="true"
            data-placeholder-image=""
            style="height: 100%; left: 0px; position: absolute; top: 0px; width: 100%;"
          />
          <picture>
            <source
              data-srcset="https://cdn.shopify.com/s/files/1/1776/8987/products/9f190cba7218c819c81566bca6298c6a_159x140_crop_center.jpg.webp?v=1590345972 159w,https://cdn.shopify.com/s/files/1/1776/8987/products/9f190cba7218c819c81566bca6298c6a_318x280_crop_center.jpg.webp?v=1590345972 318w,https://cdn.shopify.com/s/files/1/1776/8987/products/9f190cba7218c819c81566bca6298c6a_635x560_crop_center.jpg.webp?v=1590345972 635w"
              sizes="(min-width: 635px) 635px, 100vw"
              type="image/webp"
            />
            <img
              alt=""
              data-gatsby-image-ssr=""
              data-main-image=""
              data-src="https://cdn.shopify.com/s/files/1/1776/8987/products/9f190cba7218c819c81566bca6298c6a_635x560_crop_center.jpg?v=1590345972"
              data-srcset="https://cdn.shopify.com/s/files/1/1776/8987/products/9f190cba7218c819c81566bca6298c6a_159x140_crop_center.jpg?v=1590345972 159w,https://cdn.shopify.com/s/files/1/1776/8987/products/9f190cba7218c819c81566bca6298c6a_318x280_crop_center.jpg?v=1590345972 318w,https://cdn.shopify.com/s/files/1/1776/8987/products/9f190cba7218c819c81566bca6298c6a_635x560_crop_center.jpg?v=1590345972 635w"
              decoding="async"
              id="12345678-9012-3456-7890-123456789012"
              loading="lazy"
              sizes="(min-width: 635px) 635px, 100vw"
              style="height: 100%; left: 0px; position: absolute; top: 0px; transform: translateZ(0); transition: opacity 250ms linear; width: 100%; will-change: opacity; opacity: 0;"
            />
          </picture>
          <noscript />
          <script
            type="module"
          >
            const t="undefined"!=typeof HTMLImageElement&&"loading"in HTMLImageElement.prototype;if(t){const t=document.querySelectorAll("img[data-main-image]");for(let e of t){e.dataset.src&&(e.setAttribute("src",e.dataset.src),e.removeAttribute("data-src")),e.dataset.srcset&&(e.setAttribute("srcset",e.dataset.srcset),e.removeAttribute("data-srcset"));const t=e.parentNode.querySelectorAll("source[data-srcset]");for(let e of t)e.setAttribute("srcset",e.dataset.srcset),e.removeAttribute("data-srcset");e.complete&&(e.style.opacity=1)}}
          </script>
        </div>
      </li>
    </ul>
  </div>
  <div
    style="padding-left: 6em; padding-right: 6em; width: 50%;"
  >
    <h1>
      Product Title
    </h1>
    <h2>
      by 
      Vendor
    </h2>
    <div>
      100
       
      EUR
    </div>
    <div>
      <p>
        Product Description
      </p>
    </div>
    <ul>
      <li>
        <span>
          tag
        </span>
      </li>
    </ul>
    <form
      action="#"
    >
      <div
        class="form__field"
      >
        <fieldset>
          <legend>
            Size
          </legend>
          <div>
            <div>
              <label
                for="s"
              >
                s
              </label>
              <input
                id="s"
                name="Size"
                type="radio"
                value="s"
              />
            </div>
            <div>
              <label
                for="m"
              >
                m
              </label>
              <input
                id="m"
                name="Size"
                type="radio"
                value="m"
              />
            </div>
            <div>
              <label
                for="l"
              >
                l
              </label>
              <input
                id="l"
                name="Size"
                type="radio"
                value="l"
              />
            </div>
          </div>
        </fieldset>
      </div>
      <div
        class="form__field"
      >
        <label
          for="quantity"
        >
          Quantity
        </label>
        <input
          class="form__input"
          id="quantity"
          min="1"
          name="quantity"
          step="1"
          type="number"
          value="1"
        />
      </div>
      <div
        class="form__field"
      >
        <button
          type="submit"
        >
          Add to cart
        </button>
      </div>
    </form>
  </div>
</div>
`;
